============================= test session starts =============================
platform win32 -- Python 3.12.8, pytest-9.0.3, pluggy-1.6.0 -- F:\projects\RootSightV3\RootSightV3\.venv\Scripts\python.exe
rootdir: F:\projects\RootSightV3\RootSightV3
configfile: pyproject.toml
plugins: anyio-4.13.0, asyncio-1.3.0, mock-3.15.1
asyncio: mode=Mode.AUTO, debug=False, asyncio_default_fixture_loop_scope=None, asyncio_default_test_loop_scope=function
collecting ... collected 7 items

tests/backend/test_rca.py::test_analyze_root_cause_empty PASSED          [ 14%]
tests/backend/test_rca.py::test_analyze_root_cause_success FAILED        [ 28%]
tests/backend/test_rca.py::test_analyze_root_cause_failure_returns_fallback PASSED [ 42%]
tests/backend/test_memory_actions.py::test_find_similar_incidents FAILED [ 57%]
tests/backend/test_memory_actions.py::test_find_similar_incidents_failure_returns_empty PASSED [ 71%]
tests/backend/test_memory_actions.py::test_generate_actions FAILED       [ 85%]
tests/backend/test_memory_actions.py::test_generate_actions_failure_returns_fallback PASSED [100%]

================================== FAILURES ===================================
_______________________ test_analyze_root_cause_success _______________________

mock_generate = <AsyncMock name='generate' id='1627745313776'>
sample_event_list = EventList(events=[Event(event_id='evt-1', incident_id='test-123', timestamp=datetime.datetime(2026, 5, 1, 5, 37, 18, 1...t-1', confidence=90, raw_reference=None)], timeline_confidence=85, gaps_detected=0, total_events=3, analysis_note=None)
sample_incident = Incident(title='Test Incident', service='test-service', severity=<Severity.P1: 'P1'>, environment='production', region...resolved_at=None, pipeline_state=None, error_message=None, created_at=datetime.datetime(2026, 5, 1, 11, 7, 18, 142223))

    @pytest.mark.asyncio
    @patch("src.features.rca.rca_module.generate")
    async def test_analyze_root_cause_success(mock_generate, sample_event_list, sample_incident):
        mock_generate.return_value = {
            "hypotheses": [
                {
                    "id": "H1",
                    "text": "Service timeout due to load",
                    "supporting_event_ids": ["evt-1"],
                    "confidence": "high",
                    "category": "infrastructure",
                    "recommended_action_hint": "Check CPU",
                }
            ],
            "insufficient_data": False,
        }
    
        result = await analyze_root_cause(sample_event_list, sample_incident)
>       assert len(result.hypotheses) == 1
E       assert 0 == 1
E        +  where 0 = len([])
E        +    where [] = HypothesisList(hypotheses=[], insufficient_data=True).hypotheses

tests\backend\test_rca.py:89: AssertionError
------------------------------ Captured log call ------------------------------
ERROR    src.features.rca.rca_module:rca_module.py:95 analyze_root_cause.failed incident_id=test-123
Traceback (most recent call last):
  File "F:\projects\RootSightV3\RootSightV3\src\features\rca\rca_module.py", line 30, in analyze_root_cause
    serialized_events = json.dumps(events_for_llm, indent=2)
                        ^^^^^^^^^^^^^^^^^^^^^^^^^^^^^^^^^^^^
  File "C:\Users\Shaik\Lib\json\__init__.py", line 238, in dumps
    **kw).encode(obj)
          ^^^^^^^^^^^
  File "C:\Users\Shaik\Lib\json\encoder.py", line 202, in encode
    chunks = list(chunks)
             ^^^^^^^^^^^^
  File "C:\Users\Shaik\Lib\json\encoder.py", line 430, in _iterencode
    yield from _iterencode_list(o, _current_indent_level)
  File "C:\Users\Shaik\Lib\json\encoder.py", line 326, in _iterencode_list
    yield from chunks
  File "C:\Users\Shaik\Lib\json\encoder.py", line 406, in _iterencode_dict
    yield from chunks
  File "C:\Users\Shaik\Lib\json\encoder.py", line 439, in _iterencode
    o = _default(o)
        ^^^^^^^^^^^
  File "C:\Users\Shaik\Lib\json\encoder.py", line 180, in default
    raise TypeError(f'Object of type {o.__class__.__name__} '
TypeError: Object of type datetime is not JSON serializable
WARNING  src.features.rca.rca_module:rca_module.py:101 analyze_root_cause.fallback note=LLM failure: Object of type datetime is not JSON serializable
_________________________ test_find_similar_incidents _________________________

mock_generate = <AsyncMock name='generate' id='1627745525712'>
mock_vs = <MagicMock name='vector_store' id='1627745530128'>
sample_incident = Incident(title='Test Incident', service='test-service', severity=<Severity.P1: 'P1'>, started_at=datetime.datetime(202... resolved_at=None, pipeline_state=None, error_message=None, created_at=datetime.datetime(2026, 5, 1, 11, 7, 19, 85649))
sample_hypotheses = HypothesisList(hypotheses=[Hypothesis(id='H1', text='DB Timeout', supporting_event_ids=['evt-1'], confidence='high', category='infrastructure', recommended_action_hint='Restart DB')], insufficient_data=False)

    @pytest.mark.asyncio
    @patch("src.features.memory.memory_module.vector_store")
    @patch("src.features.memory.memory_module.generate")
    async def test_find_similar_incidents(mock_generate, mock_vs, sample_incident, sample_hypotheses):
        mock_vs.index = MagicMock()
        mock_vs.index.ntotal = 1
        mock_vs.search_similar.return_value = [
            {"incident_id": "old-1", "similarity_score": 0.8, "text": "Old DB timeout", "previous_fix": "Restarted DB"}
        ]
        mock_generate.return_value = {"why_similar": "Both involve DB timeouts"}
    
        result = await find_similar_incidents(sample_incident, sample_hypotheses)
>       assert len(result.matches) == 1
E       assert 0 == 1
E        +  where 0 = len([])
E        +    where [] = SimilarIncidentList(matches=[]).matches

tests\backend\test_memory_actions.py:65: AssertionError
------------------------------ Captured log call ------------------------------
ERROR    src.features.memory.memory_module:memory_module.py:142 find_similar_incidents.failed incident_id=test-123
Traceback (most recent call last):
  File "F:\projects\RootSightV3\RootSightV3\src\features\memory\memory_module.py", line 82, in find_similar_incidents
    top_hypothesis = hypothesis_list.hypotheses[0].statement if hypothesis_list.hypotheses else "Unknown cause"
                     ^^^^^^^^^^^^^^^^^^^^^^^^^^^^^^^^^^^^^^^
  File "F:\projects\RootSightV3\RootSightV3\.venv\Lib\site-packages\pydantic\main.py", line 1042, in __getattr__
    raise AttributeError(f'{type(self).__name__!r} object has no attribute {item!r}')
AttributeError: 'Hypothesis' object has no attribute 'statement'
____________________________ test_generate_actions ____________________________

mock_format_json = <AsyncMock name='format_json' id='1627746306912'>
sample_incident = Incident(title='Test Incident', service='test-service', severity=<Severity.P1: 'P1'>, started_at=datetime.datetime(202...resolved_at=None, pipeline_state=None, error_message=None, created_at=datetime.datetime(2026, 5, 1, 11, 7, 19, 120901))
sample_impact = Impact(incident_id='test-123', affected_services=['test-service'], affected_users=0, severity_band=<SeverityBand.CRITI...inutes=None, probable_user_impact='Users cannot login', estimated_requests_affected=None, business_impact_summary=None)
sample_hypotheses = HypothesisList(hypotheses=[Hypothesis(id='H1', text='DB Timeout', supporting_event_ids=['evt-1'], confidence='high', category='infrastructure', recommended_action_hint='Restart DB')], insufficient_data=False)

    @pytest.mark.asyncio
    @patch("src.features.action.action_module.format_json")
    async def test_generate_actions(mock_format_json, sample_incident, sample_impact, sample_hypotheses):
        mock_format_json.return_value = {
            "actions": [
                {
                    "action_type": "jira_ticket",
                    "destination": "JIRA",
                    "payload_preview": "Investigate DB timeout",
                    "full_payload": {"title": "DB Timeout"},
                }
            ]
        }
    
        result = await generate_actions(sample_incident, sample_impact, sample_hypotheses)
        assert len(result.actions) == 1
>       assert result.actions[0].action_type == ActionType.JIRA_TICKET
E       AssertionError: assert <ActionType.M...anual_review'> == <ActionType.J...'jira_ticket'>
E         
E         - jira_ticket
E         + manual_review

tests\backend\test_memory_actions.py:97: AssertionError
------------------------------ Captured log call ------------------------------
ERROR    src.features.action.action_module:action_module.py:131 generate_actions.failed incident_id=test-123
Traceback (most recent call last):
  File "F:\projects\RootSightV3\RootSightV3\src\features\action\action_module.py", line 46, in generate_actions
    cause_statement = top_hypothesis.statement if top_hypothesis else "Unknown cause"
                      ^^^^^^^^^^^^^^^^^^^^^^^^
  File "F:\projects\RootSightV3\RootSightV3\.venv\Lib\site-packages\pydantic\main.py", line 1042, in __getattr__
    raise AttributeError(f'{type(self).__name__!r} object has no attribute {item!r}')
AttributeError: 'Hypothesis' object has no attribute 'statement'
WARNING  src.features.action.action_module:action_module.py:28 generate_actions.fallback incident_id=test-123
============================== warnings summary ===============================
src\features\llm_clients\gemini_client.py:5
  F:\projects\RootSightV3\RootSightV3\src\features\llm_clients\gemini_client.py:5: FutureWarning: 
  
  All support for the `google.generativeai` package has ended. It will no longer be receiving 
  updates or bug fixes. Please switch to the `google.genai` package as soon as possible.
  See README for more details:
  
  https://github.com/google-gemini/deprecated-generative-ai-python/blob/main/README.md
  
    import google.generativeai as genai

<frozen importlib._bootstrap>:488
  <frozen importlib._bootstrap>:488: DeprecationWarning: builtin type SwigPyPacked has no __module__ attribute

<frozen importlib._bootstrap>:488
  <frozen importlib._bootstrap>:488: DeprecationWarning: builtin type SwigPyObject has no __module__ attribute

<frozen importlib._bootstrap>:488
  <frozen importlib._bootstrap>:488: DeprecationWarning: builtin type swigvarlink has no __module__ attribute

tests/backend/test_rca.py::test_analyze_root_cause_empty
tests/backend/test_rca.py::test_analyze_root_cause_success
tests/backend/test_rca.py::test_analyze_root_cause_failure_returns_fallback
  F:\projects\RootSightV3\RootSightV3\tests\backend\test_rca.py:19: DeprecationWarning: datetime.datetime.utcnow() is deprecated and scheduled for removal in a future version. Use timezone-aware objects to represent datetimes in UTC: datetime.datetime.now(datetime.UTC).
    started_at=datetime.utcnow(),

tests/backend/test_rca.py::test_analyze_root_cause_empty
tests/backend/test_rca.py::test_analyze_root_cause_success
tests/backend/test_rca.py::test_analyze_root_cause_failure_returns_fallback
  F:\projects\RootSightV3\RootSightV3\tests\backend\test_rca.py:20: DeprecationWarning: datetime.datetime.utcnow() is deprecated and scheduled for removal in a future version. Use timezone-aware objects to represent datetimes in UTC: datetime.datetime.now(datetime.UTC).
    detected_at=datetime.utcnow(),

tests/backend/test_rca.py::test_analyze_root_cause_success
tests/backend/test_rca.py::test_analyze_root_cause_failure_returns_fallback
  F:\projects\RootSightV3\RootSightV3\tests\backend\test_rca.py:32: DeprecationWarning: datetime.datetime.utcnow() is deprecated and scheduled for removal in a future version. Use timezone-aware objects to represent datetimes in UTC: datetime.datetime.now(datetime.UTC).
    timestamp=datetime.utcnow(),

tests/backend/test_rca.py::test_analyze_root_cause_success
tests/backend/test_rca.py::test_analyze_root_cause_failure_returns_fallback
  F:\projects\RootSightV3\RootSightV3\tests\backend\test_rca.py:41: DeprecationWarning: datetime.datetime.utcnow() is deprecated and scheduled for removal in a future version. Use timezone-aware objects to represent datetimes in UTC: datetime.datetime.now(datetime.UTC).
    timestamp=datetime.utcnow(),

tests/backend/test_rca.py::test_analyze_root_cause_success
tests/backend/test_rca.py::test_analyze_root_cause_failure_returns_fallback
  F:\projects\RootSightV3\RootSightV3\tests\backend\test_rca.py:50: DeprecationWarning: datetime.datetime.utcnow() is deprecated and scheduled for removal in a future version. Use timezone-aware objects to represent datetimes in UTC: datetime.datetime.now(datetime.UTC).
    timestamp=datetime.utcnow(),

tests/backend/test_memory_actions.py::test_find_similar_incidents
tests/backend/test_memory_actions.py::test_find_similar_incidents_failure_returns_empty
tests/backend/test_memory_actions.py::test_generate_actions
tests/backend/test_memory_actions.py::test_generate_actions_failure_returns_fallback
  F:\projects\RootSightV3\RootSightV3\tests\backend\test_memory_actions.py:19: DeprecationWarning: datetime.datetime.utcnow() is deprecated and scheduled for removal in a future version. Use timezone-aware objects to represent datetimes in UTC: datetime.datetime.now(datetime.UTC).
    started_at=datetime.utcnow(),

tests/backend/test_memory_actions.py::test_find_similar_incidents
tests/backend/test_memory_actions.py::test_find_similar_incidents_failure_returns_empty
tests/backend/test_memory_actions.py::test_generate_actions
tests/backend/test_memory_actions.py::test_generate_actions_failure_returns_fallback
  F:\projects\RootSightV3\RootSightV3\tests\backend\test_memory_actions.py:20: DeprecationWarning: datetime.datetime.utcnow() is deprecated and scheduled for removal in a future version. Use timezone-aware objects to represent datetimes in UTC: datetime.datetime.now(datetime.UTC).
    detected_at=datetime.utcnow(),

-- Docs: https://docs.pytest.org/en/stable/how-to/capture-warnings.html
=========================== short test summary info ===========================
FAILED tests/backend/test_rca.py::test_analyze_root_cause_success - assert 0 ...
FAILED tests/backend/test_memory_actions.py::test_find_similar_incidents - as...
FAILED tests/backend/test_memory_actions.py::test_generate_actions - Assertio...
================== 3 failed, 4 passed, 24 warnings in 4.62s ===================
